// Jest Snapshot v1, https://goo.gl/fbAQLP

exports[`DashboardScreen matches snapshot 1`] = `
<RCTSafeAreaView
  style={
    {
      "backgroundColor": "#1F2937",
      "flex": 1,
      "paddingBottom": 8,
    }
  }
>
  <RCTScrollView
    contentContainerStyle={
      {
        "flexGrow": 1,
        "paddingBottom": 40,
        "paddingHorizontal": 24,
        "paddingTop": 40,
      }
    }
    showsVerticalScrollIndicator={false}
  >
    <View>
      <View
        style={
          {
            "alignItems": "center",
            "flexDirection": "row",
            "justifyContent": "space-between",
            "marginBottom": 8,
          }
        }
      >
        <View
          style={
            {
              "alignItems": "center",
              "flexDirection": "row",
            }
          }
        >
          <View
            style={
              {
                "alignItems": "center",
                "justifyContent": "center",
              }
            }
          >
            <Image
              resizeMode="contain"
              source="FileMock"
              style={
                {
                  "height": 32,
                  "width": 32,
                }
              }
            />
          </View>
          <Text
            style={
              {
                "color": "#FFFFFF",
                "fontSize": 20,
                "fontWeight": "600",
                "marginLeft": 10,
              }
            }
          >
            SnapTracker
          </Text>
        </View>
        <View
          accessibilityState={
            {
              "busy": undefined,
              "checked": undefined,
              "disabled": undefined,
              "expanded": undefined,
              "selected": undefined,
            }
          }
          accessibilityValue={
            {
              "max": undefined,
              "min": undefined,
              "now": undefined,
              "text": undefined,
            }
          }
          accessible={true}
          collapsable={false}
          focusable={false}
          onClick={[Function]}
          onResponderGrant={[Function]}
          onResponderMove={[Function]}
          onResponderRelease={[Function]}
          onResponderTerminate={[Function]}
          onResponderTerminationRequest={[Function]}
          onStartShouldSetResponder={[Function]}
          style={
            {
              "alignItems": "center",
              "backgroundColor": "#374151",
              "borderRadius": 20,
              "height": 40,
              "justifyContent": "center",
              "opacity": 1,
              "width": 40,
            }
          }
        >
          <Text
            style={
              {
                "color": "#FFFFFF",
                "fontSize": 16,
                "fontWeight": "600",
              }
            }
          >
            AT
          </Text>
        </View>
      </View>
      <View
        style={
          {
            "marginBottom": 24,
          }
        }
      >
        <Text
          style={
            {
              "color": "#FFFFFF",
              "fontSize": 24,
              "fontWeight": "700",
              "marginBottom": 4,
            }
          }
        >
          Dashboard
        </Text>
        <Text
          style={
            {
              "color": "#9CA3AF",
              "fontSize": 14,
            }
          }
        >
          Device Registration Portal
        </Text>
      </View>
      <View
        style={
          {
            "flexDirection": "row",
            "gap": 16,
            "justifyContent": "space-between",
            "marginBottom": 32,
          }
        }
      >
        <View
          style={
            {
              "alignItems": "center",
              "backgroundColor": "#2D3748",
              "borderRadius": 16,
              "elevation": 2,
              "flex": 1,
              "marginHorizontal": 4,
              "padding": 20,
              "shadowColor": "#000",
              "shadowOpacity": 0.08,
              "shadowRadius": 8,
            }
          }
        >
          <View
            style={
              [
                {
                  "alignItems": "center",
                  "borderRadius": 12,
                  "height": 48,
                  "justifyContent": "center",
                  "marginBottom": 12,
                  "width": 48,
                },
                {
                  "backgroundColor": "#F59E42",
                },
              ]
            }
          >
            <View
              style={
                [
                  {
                    "alignItems": "center",
                    "justifyContent": "center",
                  },
                  {
                    "height": 28,
                    "width": 28,
                  },
                ]
              }
            >
              <svg
                fill="#fff"
                height={28}
                width={28}
              />
            </View>
          </View>
          <Text
            style={
              {
                "color": "#FFFFFF",
                "fontSize": 24,
                "fontWeight": "700",
                "marginBottom": 4,
              }
            }
          >
            12
          </Text>
          <Text
            style={
              {
                "color": "#9CA3AF",
                "fontSize": 12,
                "textAlign": "center",
              }
            }
          >
            Pending Requests
          </Text>
        </View>
        <View
          style={
            {
              "alignItems": "center",
              "backgroundColor": "#2D3748",
              "borderRadius": 16,
              "elevation": 2,
              "flex": 1,
              "marginHorizontal": 4,
              "padding": 20,
              "shadowColor": "#000",
              "shadowOpacity": 0.08,
              "shadowRadius": 8,
            }
          }
        >
          <View
            style={
              [
                {
                  "alignItems": "center",
                  "borderRadius": 12,
                  "height": 48,
                  "justifyContent": "center",
                  "marginBottom": 12,
                  "width": 48,
                },
                {
                  "backgroundColor": "#10B981",
                },
              ]
            }
          >
            <View
              style={
                [
                  {
                    "alignItems": "center",
                    "justifyContent": "center",
                  },
                  {
                    "height": 28,
                    "width": 28,
                  },
                ]
              }
            >
              <svg
                fill="#fff"
                height={28}
                width={28}
              />
            </View>
          </View>
          <Text
            style={
              {
                "color": "#FFFFFF",
                "fontSize": 24,
                "fontWeight": "700",
                "marginBottom": 4,
              }
            }
          >
            7
          </Text>
          <Text
            style={
              {
                "color": "#9CA3AF",
                "fontSize": 12,
                "textAlign": "center",
              }
            }
          >
            Registered Today
          </Text>
        </View>
      </View>
      <View
        style={
          {
            "marginBottom": 32,
          }
        }
      >
        <Text
          style={
            {
              "color": "#9CA3AF",
              "fontSize": 12,
              "fontWeight": "600",
              "letterSpacing": 1,
            }
          }
        >
          CORE MODULES
        </Text>
        <View
          style={
            {
              "flexDirection": "row",
              "flexWrap": "wrap",
              "gap": 16,
              "justifyContent": "space-between",
            }
          }
        >
          <View
            accessibilityState={
              {
                "busy": undefined,
                "checked": undefined,
                "disabled": undefined,
                "expanded": undefined,
                "selected": undefined,
              }
            }
            accessibilityValue={
              {
                "max": undefined,
                "min": undefined,
                "now": undefined,
                "text": undefined,
              }
            }
            accessible={true}
            collapsable={false}
            focusable={false}
            onClick={[Function]}
            onResponderGrant={[Function]}
            onResponderMove={[Function]}
            onResponderRelease={[Function]}
            onResponderTerminate={[Function]}
            onResponderTerminationRequest={[Function]}
            onStartShouldSetResponder={[Function]}
            style={
              {
                "alignItems": "center",
                "backgroundColor": "#374151",
                "borderRadius": 12,
                "marginBottom": 16,
                "opacity": 1,
                "padding": 16,
                "width": "47%",
              }
            }
          >
            <View
              style={
                {
                  "alignItems": "center",
                  "backgroundColor": "#4B5563",
                  "borderRadius": 12,
                  "height": 48,
                  "justifyContent": "center",
                  "marginBottom": 12,
                  "width": 48,
                }
              }
            >
              <View
                style={
                  [
                    {
                      "alignItems": "center",
                      "justifyContent": "center",
                    },
                    {
                      "height": 28,
                      "width": 28,
                    },
                  ]
                }
              >
                <svg
                  fill="#3B82F6"
                  height={28}
                  width={28}
                />
              </View>
            </View>
            <Text
              style={
                {
                  "color": "#FFFFFF",
                  "fontSize": 14,
                  "fontWeight": "600",
                  "marginBottom": 4,
                  "textAlign": "center",
                }
              }
            >
              Device Requests
            </Text>
            <Text
              style={
                {
                  "color": "#9CA3AF",
                  "fontSize": 12,
                  "textAlign": "center",
                }
              }
            >
              Review & approve
            </Text>
          </View>
          <View
            accessibilityState={
              {
                "busy": undefined,
                "checked": undefined,
                "disabled": undefined,
                "expanded": undefined,
                "selected": undefined,
              }
            }
            accessibilityValue={
              {
                "max": undefined,
                "min": undefined,
                "now": undefined,
                "text": undefined,
              }
            }
            accessible={true}
            collapsable={false}
            focusable={true}
            onClick={[Function]}
            onResponderGrant={[Function]}
            onResponderMove={[Function]}
            onResponderRelease={[Function]}
            onResponderTerminate={[Function]}
            onResponderTerminationRequest={[Function]}
            onStartShouldSetResponder={[Function]}
            style={
              {
                "alignItems": "center",
                "backgroundColor": "#374151",
                "borderRadius": 12,
                "marginBottom": 16,
                "opacity": 1,
                "padding": 16,
                "width": "47%",
              }
            }
          >
            <View
              style={
                {
                  "alignItems": "center",
                  "backgroundColor": "#4B5563",
                  "borderRadius": 12,
                  "height": 48,
                  "justifyContent": "center",
                  "marginBottom": 12,
                  "width": 48,
                }
              }
            >
              <View
                style={
                  [
                    {
                      "alignItems": "center",
                      "justifyContent": "center",
                    },
                    {
                      "height": 28,
                      "width": 28,
                    },
                  ]
                }
              >
                <svg
                  fill="#3B82F6"
                  height={28}
                  width={28}
                />
              </View>
            </View>
            <Text
              style={
                {
                  "color": "#FFFFFF",
                  "fontSize": 14,
                  "fontWeight": "600",
                  "marginBottom": 4,
                  "textAlign": "center",
                }
              }
            >
              Register Device
            </Text>
            <Text
              style={
                {
                  "color": "#9CA3AF",
                  "fontSize": 12,
                  "textAlign": "center",
                }
              }
            >
              Add new device
            </Text>
          </View>
          <View
            accessibilityState={
              {
                "busy": undefined,
                "checked": undefined,
                "disabled": undefined,
                "expanded": undefined,
                "selected": undefined,
              }
            }
            accessibilityValue={
              {
                "max": undefined,
                "min": undefined,
                "now": undefined,
                "text": undefined,
              }
            }
            accessible={true}
            collapsable={false}
            focusable={false}
            onClick={[Function]}
            onResponderGrant={[Function]}
            onResponderMove={[Function]}
            onResponderRelease={[Function]}
            onResponderTerminate={[Function]}
            onResponderTerminationRequest={[Function]}
            onStartShouldSetResponder={[Function]}
            style={
              {
                "alignItems": "center",
                "backgroundColor": "#374151",
                "borderRadius": 12,
                "marginBottom": 16,
                "opacity": 1,
                "padding": 16,
                "width": "47%",
              }
            }
          >
            <View
              style={
                {
                  "alignItems": "center",
                  "backgroundColor": "#4B5563",
                  "borderRadius": 12,
                  "height": 48,
                  "justifyContent": "center",
                  "marginBottom": 12,
                  "width": 48,
                }
              }
            >
              <View
                style={
                  [
                    {
                      "alignItems": "center",
                      "justifyContent": "center",
                    },
                    {
                      "height": 28,
                      "width": 28,
                    },
                  ]
                }
              >
                <svg
                  fill="#3B82F6"
                  height={28}
                  width={28}
                />
              </View>
            </View>
            <Text
              style={
                {
                  "color": "#FFFFFF",
                  "fontSize": 14,
                  "fontWeight": "600",
                  "marginBottom": 4,
                  "textAlign": "center",
                }
              }
            >
              Manage Records
            </Text>
            <Text
              style={
                {
                  "color": "#9CA3AF",
                  "fontSize": 12,
                  "textAlign": "center",
                }
              }
            >
              Edit & update
            </Text>
          </View>
          <View
            accessibilityState={
              {
                "busy": undefined,
                "checked": undefined,
                "disabled": undefined,
                "expanded": undefined,
                "selected": undefined,
              }
            }
            accessibilityValue={
              {
                "max": undefined,
                "min": undefined,
                "now": undefined,
                "text": undefined,
              }
            }
            accessible={true}
            collapsable={false}
            focusable={false}
            onClick={[Function]}
            onResponderGrant={[Function]}
            onResponderMove={[Function]}
            onResponderRelease={[Function]}
            onResponderTerminate={[Function]}
            onResponderTerminationRequest={[Function]}
            onStartShouldSetResponder={[Function]}
            style={
              {
                "alignItems": "center",
                "backgroundColor": "#374151",
                "borderRadius": 12,
                "marginBottom": 16,
                "opacity": 1,
                "padding": 16,
                "width": "47%",
              }
            }
          >
            <View
              style={
                {
                  "alignItems": "center",
                  "backgroundColor": "#4B5563",
                  "borderRadius": 12,
                  "height": 48,
                  "justifyContent": "center",
                  "marginBottom": 12,
                  "width": 48,
                }
              }
            >
              <View
                style={
                  [
                    {
                      "alignItems": "center",
                      "justifyContent": "center",
                    },
                    {
                      "height": 28,
                      "width": 28,
                    },
                  ]
                }
              >
                <svg
                  fill="#3B82F6"
                  height={28}
                  width={28}
                />
              </View>
            </View>
            <Text
              style={
                {
                  "color": "#FFFFFF",
                  "fontSize": 14,
                  "fontWeight": "600",
                  "marginBottom": 4,
                  "textAlign": "center",
                }
              }
            >
              View Devices
            </Text>
            <Text
              style={
                {
                  "color": "#9CA3AF",
                  "fontSize": 12,
                  "textAlign": "center",
                }
              }
            >
              All registrations
            </Text>
          </View>
        </View>
      </View>
      <View
        style={
          {
            "marginBottom": 32,
          }
        }
      >
        <View
          style={
            {
              "alignItems": "center",
              "flexDirection": "row",
              "justifyContent": "space-between",
              "marginBottom": 16,
            }
          }
        >
          <Text
            style={
              {
                "color": "#9CA3AF",
                "fontSize": 12,
                "fontWeight": "600",
                "letterSpacing": 1,
              }
            }
          >
            RECENT ACTIVITY
          </Text>
          <View
            accessibilityState={
              {
                "busy": undefined,
                "checked": undefined,
                "disabled": undefined,
                "expanded": undefined,
                "selected": undefined,
              }
            }
            accessibilityValue={
              {
                "max": undefined,
                "min": undefined,
                "now": undefined,
                "text": undefined,
              }
            }
            accessible={true}
            collapsable={false}
            focusable={false}
            onClick={[Function]}
            onResponderGrant={[Function]}
            onResponderMove={[Function]}
            onResponderRelease={[Function]}
            onResponderTerminate={[Function]}
            onResponderTerminationRequest={[Function]}
            onStartShouldSetResponder={[Function]}
            style={
              {
                "opacity": 1,
              }
            }
          >
            <Text
              style={
                {
                  "color": "#3B82F6",
                  "fontSize": 14,
                }
              }
            >
              View all
            </Text>
          </View>
        </View>
        <View
          style={
            {
              "alignItems": "center",
              "backgroundColor": "#374151",
              "borderRadius": 12,
              "padding": 20,
            }
          }
        >
          <Text
            style={
              {
                "color": "#9CA3AF",
                "fontSize": 14,
              }
            }
          >
            No recent activity
          </Text>
        </View>
      </View>
    </View>
  </RCTScrollView>
</RCTSafeAreaView>
`;
